// Jest Snapshot v1, https://goo.gl/fbAQLP

exports[`MockButton should render the component with the correct props 1`] = `
<button
  class=""
/>
`;
